../Core/Src/main.c:77:13:removeAddr	24	static
../Core/Src/main.c:85:6:uart_bi_direction_init	24	static
../Core/Src/main.c:136:5:main	8	static
../Core/Src/main.c:236:6:SystemClock_Config	88	static
../Core/Src/main.c:277:13:MX_USART1_UART_Init	8	static
../Core/Src/main.c:325:13:MX_USART2_UART_Init	8	static
../Core/Src/main.c:373:13:MX_USART3_UART_Init	8	static
../Core/Src/main.c:409:13:MX_GPIO_Init	16	static
../Core/Src/main.c:425:6:HAL_UART_RxCpltCallback	16	static
../Core/Src/main.c:453:6:Error_Handler	8	static,ignoring_inline_asm
